*******************************************
***COMSOL 6.4.0.293 progress output file***
*******************************************
Mon Jul 13 16:44:19 GMT+08:00 2026
COMSOL Multiphysics 6.4 (开发版本: 293) 在批处理模式下启动
正在运行: C:\Users\15972\.comsol\v64\applications\files\user\dia60al40_electrothermal_mesh_study\medium\Dia60Al40_ElectrothermalMVP.class
-----      当前进度:  54 % - 生成方程
Memory: 487/487 535/535
---------- 当前进度: 100 % -
Memory: 479/488 526/537
---------- 当前进度: 100 % - 正在更新选择
Memory: 464/488 517/537
           当前进度:   0 % - 矩形 1
Memory: 466/488 511/537
           当前进度:   9 % - 形成联合体
Memory: 468/488 512/537
----       当前进度:  42 % - 解析域和空区域
---------- 当前进度: 100 % - 正在更新选择
Memory: 469/488 512/537
---------- 当前进度: 100 % - 正在创建可视化网格
Memory: 473/488 519/537
           当前进度:   0 % - 自由三角形网格 1
Memory: 938/938 1051/1051
顶点单元数：4
边界单元数：152
单元数：3316
最小单元质量：0.6652
---------- 当前进度: 100 % - 正在提高单元质量
Memory: 941/944 1048/1051
           当前进度:   1 % - 生成方程
Memory: 999/1009 1048/1056
           当前进度:   2 % - 生成方程
Memory: 983/1009 1030/1056
           当前进度:   3 % - 生成方程
Memory: 1057/1065 1107/1115
<---- 研究 1/解 1 (sol1) 中的“编译方程: 稳态” ---------------------------------------------
开始于 2026年7月13日 16:44:50。
几何形函数: 二次拉格朗日单元
在 Intel64 Family 6 Model 183 Stepping 1, GenuineIntel 上运行。
在以下位置使用 1 个插槽： Owen 上（共 12 个内核）。
可用内存：16.01 GB。
           当前进度:   7 % - 编译方程: 稳态
Memory: 1059/1077 1102/1124
           当前进度:   7 % - 正在创建可视化网格
Memory: 1057/1077 1098/1124
时间：3。
物理内存: 1.06 GB
虚拟内存: 1.1 GB
结束时间：2026年7月13日 16:44:53。
----- 研究 1/解 1 (sol1) 中的“编译方程: 稳态” -------------------------------------------->
<---- 研究 1/解 1 (sol1) 中的“因变量 1” ------------------------------------------------
开始于 2026年7月13日 16:44:53。
           当前进度:   7 % - 因变量 1
Memory: 1061/1077 1109/1124
求解时间：0 s。
物理内存: 1.06 GB
虚拟内存: 1.11 GB
结束时间：2026年7月13日 16:44:53。
----- 研究 1/解 1 (sol1) 中的“因变量 1” ----------------------------------------------->
<---- 研究 1/解 1 (sol1) 中的“稳态求解器 1” ----------------------------------------------
开始于 2026年7月13日 16:44:53。
非线性求解器
求解的自由度数：13570（加上 308 个内部自由度）。
找到对称矩阵。
缩放因变量：
温度 (comp1.T): 2.9e+02
电势 (comp1.V): 11
已使用正交零空间函数。
Iter      SolEst      ResEst     Damping    Stepsize #Res #Jac #Sol   LinErr   LinRes
   1        0.31     1.3e+08   0.0100000        0.31    2    1    2  2.3e-14  4.2e-15
--         当前进度:  20 % - 组装矩阵
Memory: 1126/1132 1359/1360
找到非对称矩阵。
   2        0.29     2.6e+05   0.1000000        0.33    3    2    4  1.1e-14  1.5e-15
--         当前进度:  29 % - 求解线性方程组
Memory: 1148/1155 1417/1426
   3     0.00078     2.1e+07   1.0000000         0.3    4    3    6  4.8e-15    7e-14
   4       1e-16     0.00098   1.0000000     0.00078    6    4    8  3.8e-15  2.9e-16
---------- 当前进度: 100 % -
Memory: 1109/1155 1370/1426
求解时间：2 s。
物理内存: 1.15 GB
虚拟内存: 1.43 GB
结束时间：2026年7月13日 16:44:55。
----- 研究 1/解 1 (sol1) 中的“稳态求解器 1” --------------------------------------------->
           当前进度:   0 % - 正在绘制
Memory: 1120/1155 1384/1426
           当前进度:   2 % - 正在计算
Memory: 1122/1155 1385/1426
           当前进度:   3 % - 正在绘制
-          当前进度:  15 % - 正在计算
--         当前进度:  25 % - 正在计算
Memory: 1123/1155 1386/1426
--         当前进度:  26 % - 正在计算
---        当前进度:  30 % - 生成图像
Memory: 1203/1206 1441/1445
           当前进度:   0 % - 正在绘制
Memory: 1176/1215 1428/1445
           当前进度:   2 % - 正在计算
Memory: 1176/1215 1429/1445
           当前进度:   3 % - 正在绘制
Memory: 1177/1215 1429/1445
-          当前进度:  15 % - 正在计算
--         当前进度:  25 % - 正在计算
--         当前进度:  26 % - 正在计算
---        当前进度:  30 % - 生成图像
Memory: 1211/1215 1448/1448
           当前进度:   0 % - 正在绘制
Memory: 1199/1238 1451/1467
           当前进度:   2 % - 正在计算
           当前进度:   3 % - 正在绘制
-          当前进度:  15 % - 正在计算
Memory: 1203/1238 1467/1467
--         当前进度:  25 % - 正在计算
--         当前进度:  26 % - 正在计算
---        当前进度:  30 % - 生成图像
Memory: 1197/1238 1451/1467
           当前进度:   0 % -
Memory: 1184/1238 1455/1470
--         当前进度:  21 % - 正在计算
Memory: 1183/1238 1453/1470
---        当前进度:  34 % - 正在计算
----       当前进度:  41 % - 正在计算
           当前进度:   0 % -
类运行时: 44 s.
正在保存模型: C:\Users\15972\.comsol\v64\applications\files\user\dia60al40_electrothermal_mesh_study\medium\Dia60Al40_ElectrothermalMVP_Dia60Al40ElectrothermalMVP.mph
保存时间: 0 s.
总时间: 45 s.
