*******************************************
***COMSOL 6.4.0.293 progress output file***
*******************************************
Mon Jul 13 18:20:51 GMT+08:00 2026
COMSOL Multiphysics 6.4 (开发版本: 293) 在批处理模式下启动
正在运行: C:\Users\15972\.comsol\v64\applications\files\user\dia60al40_loading_sensitivity\Dia60Al40_ElectrothermalMVP.class
-----      当前进度:  54 % - 生成方程
Memory: 478/484 525/530
------     当前进度:  60 % - 生成方程
Memory: 449/484 496/530
---------- 当前进度: 100 % - 
Memory: 454/484 501/530
---------- 当前进度: 100 % - 正在更新选择
Memory: 470/484 515/530
           当前进度:   0 % - 矩形 1
Memory: 467/484 511/530
           当前进度:   9 % - 形成联合体
Memory: 468/484 512/530
----       当前进度:  42 % - 解析域和空区域
Memory: 469/484 516/530
---------- 当前进度: 100 % - 正在更新选择
Memory: 470/484 517/530
---------- 当前进度: 100 % - 正在创建可视化网格
Memory: 473/484 518/530
           当前进度:   0 % - 自由三角形网格 1
Memory: 745/788 865/917
顶点单元数：4
边界单元数：152
单元数：3316
最小单元质量：0.6652
---------- 当前进度: 100 % - 正在提高单元质量
Memory: 755/788 870/917
           当前进度:   1 % - 生成方程
Memory: 906/909 949/952
           当前进度:   2 % - 生成方程
Memory: 909/909 951/952
           当前进度:   3 % - 生成方程
Memory: 895/911 937/953
<---- 研究 1/解 1 (sol1) 中的“编译方程: 稳态” ---------------------------------------------
开始于 2026年7月13日 18:21:25。
几何形函数: 二次拉格朗日单元
在 Intel64 Family 6 Model 183 Stepping 1, GenuineIntel 上运行。
在以下位置使用 1 个插槽： Owen 上（共 12 个内核）。
可用内存：16.01 GB。
           当前进度:   7 % - 编译方程: 稳态
Memory: 935/938 973/982
           当前进度:   7 % - 正在创建可视化网格
Memory: 905/946 943/983
时间：3。
物理内存: 946 MB
虚拟内存: 983 MB
结束时间：2026年7月13日 18:21:28。
----- 研究 1/解 1 (sol1) 中的“编译方程: 稳态” -------------------------------------------->
<---- 研究 1/解 1 (sol1) 中的“因变量 1” ------------------------------------------------
开始于 2026年7月13日 18:21:28。
           当前进度:   7 % - 因变量 1
Memory: 900/946 948/983
求解时间：0 s。
物理内存: 900 MB
虚拟内存: 948 MB
结束时间：2026年7月13日 18:21:28。
----- 研究 1/解 1 (sol1) 中的“因变量 1” ----------------------------------------------->
<---- 研究 1/解 1 (sol1) 中的“稳态求解器 1” ----------------------------------------------
开始于 2026年7月13日 18:21:28。
非线性求解器
求解的自由度数：13570（加上 308 个内部自由度）。
找到对称矩阵。
缩放因变量：
温度 (comp1.T): 2.9e+02
电势 (comp1.V): 8.8
已使用正交零空间函数。
Iter      SolEst      ResEst     Damping    Stepsize #Res #Jac #Sol   LinErr   LinRes
   1        0.34     1.1e+08   0.0100000        0.35    2    1    2  2.9e-14  3.5e-15
--         当前进度:  20 % - 正在组装残差
Memory: 969/969 1173/1175
找到非对称矩阵。
   2        0.32       4e+05   0.1000000        0.36    3    2    4  2.3e-14  1.6e-15
--         当前进度:  29 % - 组装矩阵
Memory: 1000/1005 1256/1256
   3      0.0007     3.2e+07   1.0000000        0.33    4    3    6  5.9e-15    1e-13
---------- 当前进度: 100 % - 矩阵分解
Memory: 1002/1013 1254/1267
   4     1.1e-16      0.0016   1.0000000      0.0007    6    4    8  1.3e-14    3e-16
---------- 当前进度: 100 % - 
Memory: 998/1013 1242/1267
求解时间：2 s。
物理内存: 1.01 GB
虚拟内存: 1.28 GB
结束时间：2026年7月13日 18:21:30。
----- 研究 1/解 1 (sol1) 中的“稳态求解器 1” --------------------------------------------->
           当前进度:   0 % - 正在绘制
Memory: 998/1013 1242/1285
           当前进度:   2 % - 正在计算
Memory: 963/1013 1213/1285
           当前进度:   3 % - 正在绘制
Memory: 967/1013 1217/1285
-          当前进度:  15 % - 正在计算
Memory: 968/1013 1219/1285
--         当前进度:  25 % - 正在计算
--         当前进度:  26 % - 正在计算
Memory: 969/1013 1219/1285
---        当前进度:  30 % - 生成图像
Memory: 1066/1067 1290/1290
           当前进度:   0 % - 正在绘制
Memory: 1078/1118 1313/1330
           当前进度:   2 % - 正在计算
           当前进度:   3 % - 正在绘制
-          当前进度:  15 % - 正在计算
--         当前进度:  25 % - 正在计算
--         当前进度:  26 % - 正在计算
Memory: 1079/1118 1313/1330
---        当前进度:  30 % - 生成图像
Memory: 1103/1118 1322/1330
           当前进度:   0 % - 正在绘制
Memory: 1085/1125 1320/1337
           当前进度:   2 % - 正在计算
           当前进度:   3 % - 正在绘制
-          当前进度:  15 % - 正在计算
Memory: 1090/1125 1368/1368
--         当前进度:  25 % - 正在计算
--         当前进度:  26 % - 正在计算
---        当前进度:  30 % - 生成图像
Memory: 1115/1125 1377/1377
           当前进度:   0 % - 
Memory: 1091/1131 1369/1386
--         当前进度:  21 % - 正在计算
Memory: 1092/1131 1369/1386
---        当前进度:  34 % - 正在计算
Memory: 1088/1131 1366/1386
----       当前进度:  41 % - 正在计算
           当前进度:   0 % - 
类运行时: 49 s.
正在保存模型: C:\Users\15972\.comsol\v64\applications\files\user\dia60al40_loading_sensitivity\Dia60Al40_ElectrothermalMVP_Dia60Al40ElectrothermalMVP.mph
保存时间: 0 s.
总时间: 49 s.
