*******************************************
***COMSOL 6.4.0.293 progress output file***
*******************************************
Mon Jul 13 18:17:40 GMT+08:00 2026
COMSOL Multiphysics 6.4 (开发版本: 293) 在批处理模式下启动
正在运行: C:\Users\15972\.comsol\v64\applications\files\user\dia60al40_loading_sensitivity\Dia60Al40_ElectrothermalMVP.class
-----      当前进度:  54 % - 生成方程
Memory: 467/469 514/516
---------- 当前进度: 100 % - 
Memory: 473/473 519/519
---------- 当前进度: 100 % - 正在更新选择
Memory: 481/484 526/529
           当前进度:   0 % - 矩形 1
Memory: 481/486 526/530
           当前进度:   9 % - 形成联合体
Memory: 483/486 527/530
----       当前进度:  42 % - 解析域和空区域
Memory: 484/486 527/530
---------- 当前进度: 100 % - 正在更新选择
---------- 当前进度: 100 % - 正在创建可视化网格
Memory: 487/487 533/533
           当前进度:   0 % - 自由三角形网格 1
Memory: 838/841 884/890
顶点单元数：4
边界单元数：152
单元数：3316
最小单元质量：0.6652
---------- 当前进度: 100 % - 正在提高单元质量
Memory: 842/842 884/890
           当前进度:   1 % - 生成方程
Memory: 874/874 918/918
           当前进度:   2 % - 生成方程
Memory: 867/875 910/919
           当前进度:   3 % - 生成方程
Memory: 866/875 909/919
<---- 研究 1/解 1 (sol1) 中的“编译方程: 稳态” ---------------------------------------------
开始于 2026年7月13日 18:18:14。
几何形函数: 二次拉格朗日单元
在 Intel64 Family 6 Model 183 Stepping 1, GenuineIntel 上运行。
在以下位置使用 1 个插槽： Owen 上（共 12 个内核）。
可用内存：16.01 GB。
           当前进度:   7 % - 编译方程: 稳态
Memory: 967/967 1014/1014
           当前进度:   7 % - 正在创建可视化网格
Memory: 959/967 1003/1014
时间：3。
物理内存: 967 MB
虚拟内存: 1014 MB
结束时间：2026年7月13日 18:18:17。
----- 研究 1/解 1 (sol1) 中的“编译方程: 稳态” -------------------------------------------->
<---- 研究 1/解 1 (sol1) 中的“因变量 1” ------------------------------------------------
开始于 2026年7月13日 18:18:17。
           当前进度:   7 % - 因变量 1
Memory: 964/967 1004/1014
求解时间：0 s。
物理内存: 964 MB
虚拟内存: 1004 MB
结束时间：2026年7月13日 18:18:17。
----- 研究 1/解 1 (sol1) 中的“因变量 1” ----------------------------------------------->
<---- 研究 1/解 1 (sol1) 中的“稳态求解器 1” ----------------------------------------------
开始于 2026年7月13日 18:18:17。
非线性求解器
求解的自由度数：13570（加上 308 个内部自由度）。
找到对称矩阵。
缩放因变量：
温度 (comp1.T): 2.9e+02
电势 (comp1.V): 8.8
已使用正交零空间函数。
Iter      SolEst      ResEst     Damping    Stepsize #Res #Jac #Sol   LinErr   LinRes
   1       0.053     2.8e+06   0.0100000       0.054    2    1    2    3e-14  3.6e-15
找到非对称矩阵。
--         当前进度:  20 % - 矩阵分解
Memory: 1027/1028 1225/1232
   2        0.05       4e+05   0.1000000       0.056    3    2    4  1.4e-14  1.6e-15
--         当前进度:  29 % - 矩阵分解
Memory: 1030/1052 1272/1298
   3     1.7e-05       0.075   1.0000000        0.53    5    3    6  4.2e-15    1e-13
---------- 当前进度: 100 % - 矩阵分解
Memory: 1033/1055 1278/1298
   4     1.1e-16       0.067   1.0000000     1.7e-05    7    4    8  4.8e-15  2.9e-16
---------- 当前进度: 100 % - 
Memory: 1025/1055 1264/1298
求解时间：2 s。
物理内存: 1.05 GB
虚拟内存: 1.31 GB
结束时间：2026年7月13日 18:18:19。
----- 研究 1/解 1 (sol1) 中的“稳态求解器 1” --------------------------------------------->
           当前进度:   0 % - 正在绘制
Memory: 1030/1055 1269/1310
           当前进度:   2 % - 正在计算
Memory: 1030/1055 1268/1310
           当前进度:   3 % - 正在绘制
Memory: 1031/1055 1268/1310
-          当前进度:  15 % - 正在计算
--         当前进度:  25 % - 正在计算
--         当前进度:  26 % - 正在计算
---        当前进度:  30 % - 生成图像
Memory: 1104/1104 1317/1317
           当前进度:   0 % - 正在绘制
Memory: 1084/1162 1312/1364
           当前进度:   2 % - 正在计算
           当前进度:   3 % - 正在绘制
-          当前进度:  15 % - 正在计算
Memory: 1085/1162 1313/1364
--         当前进度:  25 % - 正在计算
--         当前进度:  26 % - 正在计算
---        当前进度:  30 % - 生成图像
Memory: 1107/1162 1317/1364
           当前进度:   0 % - 正在绘制
Memory: 1096/1162 1324/1364
           当前进度:   2 % - 正在计算
           当前进度:   3 % - 正在绘制
-          当前进度:  15 % - 正在计算
Memory: 1101/1162 1340/1364
--         当前进度:  25 % - 正在计算
Memory: 1101/1162 1341/1364
--         当前进度:  26 % - 正在计算
---        当前进度:  30 % - 生成图像
Memory: 1127/1162 1351/1364
           当前进度:   0 % - 
Memory: 1105/1162 1344/1364
--         当前进度:  21 % - 正在计算
Memory: 1100/1162 1355/1364
---        当前进度:  34 % - 正在计算
----       当前进度:  41 % - 正在计算
           当前进度:   0 % - 
类运行时: 49 s.
正在保存模型: C:\Users\15972\.comsol\v64\applications\files\user\dia60al40_loading_sensitivity\Dia60Al40_ElectrothermalMVP_Dia60Al40ElectrothermalMVP.mph
保存时间: 0 s.
总时间: 50 s.
