*******************************************
***COMSOL 6.4.0.293 progress output file***
*******************************************
Mon Jul 13 18:08:50 GMT+08:00 2026
COMSOL Multiphysics 6.4 (开发版本: 293) 在批处理模式下启动
正在运行: C:\Users\15972\.comsol\v64\applications\files\user\dia60al40_loading_sensitivity\Dia60Al40_ElectrothermalMVP.class
-----      当前进度:  54 % - 生成方程
Memory: 538/538 601/603
---------- 当前进度: 100 % - 
Memory: 524/538 583/603
---------- 当前进度: 100 % - 正在更新选择
Memory: 509/542 565/603
           当前进度:   0 % - 矩形 1
Memory: 500/542 550/603
           当前进度:   9 % - 形成联合体
Memory: 501/542 550/603
----       当前进度:  42 % - 解析域和空区域
Memory: 502/542 550/603
---------- 当前进度: 100 % - 正在更新选择
---------- 当前进度: 100 % - 正在创建可视化网格
Memory: 507/542 554/603
           当前进度:   0 % - 自由三角形网格 1
Memory: 891/929 986/1021
顶点单元数：4
边界单元数：152
单元数：3316
最小单元质量：0.6652
---------- 当前进度: 100 % - 正在提高单元质量
Memory: 889/929 976/1021
           当前进度:   1 % - 生成方程
Memory: 1001/1004 1055/1059
           当前进度:   2 % - 生成方程
Memory: 1008/1012 1054/1060
           当前进度:   3 % - 生成方程
Memory: 960/1014 1013/1060
<---- 研究 1/解 1 (sol1) 中的“编译方程: 稳态” ---------------------------------------------
开始于 2026年7月13日 18:09:25。
几何形函数: 二次拉格朗日单元
在 Intel64 Family 6 Model 183 Stepping 1, GenuineIntel 上运行。
在以下位置使用 1 个插槽： Owen 上（共 12 个内核）。
可用内存：16.01 GB。
           当前进度:   7 % - 编译方程: 稳态
Memory: 1036/1037 1075/1079
           当前进度:   7 % - 正在创建可视化网格
Memory: 1042/1048 1081/1087
时间：3。
物理内存: 1.05 GB
虚拟内存: 1.09 GB
结束时间：2026年7月13日 18:09:28。
----- 研究 1/解 1 (sol1) 中的“编译方程: 稳态” -------------------------------------------->
<---- 研究 1/解 1 (sol1) 中的“因变量 1” ------------------------------------------------
开始于 2026年7月13日 18:09:28。
           当前进度:   7 % - 因变量 1
Memory: 1048/1052 1087/1092
求解时间：0 s。
物理内存: 1.05 GB
虚拟内存: 1.09 GB
结束时间：2026年7月13日 18:09:28。
----- 研究 1/解 1 (sol1) 中的“因变量 1” ----------------------------------------------->
<---- 研究 1/解 1 (sol1) 中的“稳态求解器 1” ----------------------------------------------
开始于 2026年7月13日 18:09:29。
非线性求解器
求解的自由度数：13570（加上 308 个内部自由度）。
找到对称矩阵。
缩放因变量：
温度 (comp1.T): 2.9e+02
电势 (comp1.V): 8.8
已使用正交零空间函数。
-          当前进度:  12 % - 矩阵分解
Memory: 1059/1060 1101/1102
Iter      SolEst      ResEst     Damping    Stepsize #Res #Jac #Sol   LinErr   LinRes
   1       0.053     2.8e+06   0.0100000       0.054    2    1    2  3.2e-14  3.5e-15
找到非对称矩阵。
--         当前进度:  20 % - 矩阵分解
Memory: 1087/1092 1286/1293
   2        0.05       4e+05   0.1000000       0.056    3    2    4  3.8e-14  1.5e-15
--         当前进度:  29 % - 矩阵分解
Memory: 1099/1112 1373/1379
   3     1.7e-05       0.075   1.0000000        0.53    5    3    6  5.2e-15    1e-13
   4     1.1e-16       0.067   1.0000000     1.7e-05    7    4    8  8.3e-15    3e-16
---------- 当前进度: 100 % - 
Memory: 1100/1113 1355/1379
求解时间：2 s。
物理内存: 1.11 GB
虚拟内存: 1.41 GB
结束时间：2026年7月13日 18:09:31。
----- 研究 1/解 1 (sol1) 中的“稳态求解器 1” --------------------------------------------->
           当前进度:   0 % - 正在绘制
Memory: 1117/1126 1371/1407
           当前进度:   2 % - 正在计算
Memory: 1115/1126 1369/1407
           当前进度:   3 % - 正在绘制
Memory: 1082/1126 1335/1407
-          当前进度:  15 % - 正在计算
Memory: 1083/1126 1336/1407
--         当前进度:  25 % - 正在计算
Memory: 1084/1126 1337/1407
--         当前进度:  26 % - 正在计算
---        当前进度:  30 % - 生成图像
Memory: 1163/1163 1396/1407
           当前进度:   0 % - 正在绘制
Memory: 1176/1215 1421/1437
           当前进度:   2 % - 正在计算
           当前进度:   3 % - 正在绘制
-          当前进度:  15 % - 正在计算
--         当前进度:  25 % - 正在计算
--         当前进度:  26 % - 正在计算
---        当前进度:  30 % - 生成图像
Memory: 1201/1215 1431/1437
           当前进度:   0 % - 正在绘制
Memory: 1184/1224 1429/1446
           当前进度:   2 % - 正在计算
           当前进度:   3 % - 正在绘制
-          当前进度:  15 % - 正在计算
Memory: 1189/1224 1461/1461
--         当前进度:  25 % - 正在计算
--         当前进度:  26 % - 正在计算
---        当前进度:  30 % - 生成图像
Memory: 1215/1224 1471/1471
           当前进度:   0 % - 
Memory: 1191/1231 1463/1479
--         当前进度:  21 % - 正在计算
---        当前进度:  34 % - 正在计算
----       当前进度:  41 % - 正在计算
           当前进度:   0 % - 
类运行时: 51 s.
正在保存模型: C:\Users\15972\.comsol\v64\applications\files\user\dia60al40_loading_sensitivity\Dia60Al40_ElectrothermalMVP_Dia60Al40ElectrothermalMVP.mph
保存时间: 0 s.
总时间: 52 s.
