*******************************************
***COMSOL 6.4.0.293 progress output file***
*******************************************
Mon Jul 13 16:45:20 GMT+08:00 2026
COMSOL Multiphysics 6.4 (开发版本: 293) 在批处理模式下启动
正在运行: C:\Users\15972\.comsol\v64\applications\files\user\dia60al40_electrothermal_mesh_study\fine\Dia60Al40_ElectrothermalMVP.class
-----      当前进度:  54 % - 生成方程
Memory: 454/454 504/505
---------- 当前进度: 100 % -
Memory: 459/459 505/505
---------- 当前进度: 100 % - 正在更新选择
Memory: 461/461 506/506
           当前进度:   0 % - 矩形 1
Memory: 462/462 507/507
           当前进度:   9 % - 形成联合体
Memory: 464/464 508/508
----       当前进度:  42 % - 解析域和空区域
Memory: 465/465 508/508
---------- 当前进度: 100 % - 正在更新选择
---------- 当前进度: 100 % - 正在创建可视化网格
Memory: 468/468 510/510
           当前进度:   0 % - 自由三角形网格 1
Memory: 919/919 967/967
顶点单元数：4
边界单元数：244
单元数：8390
最小单元质量：0.6694
---------- 当前进度: 100 % - 正在提高单元质量
Memory: 927/927 974/976
           当前进度:   1 % - 生成方程
Memory: 919/930 967/981
           当前进度:   2 % - 生成方程
Memory: 930/932 975/981
           当前进度:   3 % - 生成方程
Memory: 969/969 1015/1015
<---- 研究 1/解 1 (sol1) 中的“编译方程: 稳态” ---------------------------------------------
开始于 2026年7月13日 16:45:52。
几何形函数: 二次拉格朗日单元
在 Intel64 Family 6 Model 183 Stepping 1, GenuineIntel 上运行。
在以下位置使用 1 个插槽： Owen 上（共 12 个内核）。
可用内存：16.01 GB。
           当前进度:   7 % - 编译方程: 稳态
Memory: 973/976 1021/1021
           当前进度:   7 % - 正在创建可视化网格
Memory: 932/976 986/1021
时间：3。
物理内存: 973 MB
虚拟内存: 1021 MB
结束时间：2026年7月13日 16:45:54。
----- 研究 1/解 1 (sol1) 中的“编译方程: 稳态” -------------------------------------------->
<---- 研究 1/解 1 (sol1) 中的“因变量 1” ------------------------------------------------
开始于 2026年7月13日 16:45:54。
           当前进度:   7 % - 因变量 1
Memory: 947/976 994/1021
求解时间：0 s。
物理内存: 947 MB
虚拟内存: 994 MB
结束时间：2026年7月13日 16:45:54。
----- 研究 1/解 1 (sol1) 中的“因变量 1” ----------------------------------------------->
<---- 研究 1/解 1 (sol1) 中的“稳态求解器 1” ----------------------------------------------
开始于 2026年7月13日 16:45:54。
非线性求解器
求解的自由度数：34050（加上 492 个内部自由度）。
找到对称矩阵。
缩放因变量：
温度 (comp1.T): 2.9e+02
电势 (comp1.V): 11
已使用正交零空间函数。
-          当前进度:  12 % - 矩阵分解
Memory: 1030/1032 1072/1075
Iter      SolEst      ResEst     Damping    Stepsize #Res #Jac #Sol   LinErr   LinRes
   1        0.31     5.3e+07   0.0100000        0.31    2    1    2  1.6e-14  5.1e-15
--         当前进度:  20 % - 组装稀疏模式
Memory: 1062/1062 1348/1348
找到非对称矩阵。
--         当前进度:  20 % - 矩阵分解
Memory: 1118/1118 1406/1406
   2        0.29     2.7e+05   0.1000000        0.33    3    2    4  5.7e-15  1.7e-15
--         当前进度:  29 % - 矩阵分解
Memory: 1124/1130 1431/1431
   3     0.00078     2.2e+07   1.0000000         0.3    4    3    6  2.2e-14  1.7e-13
---------- 当前进度: 100 % - 正在组装残差
Memory: 1136/1149 1428/1443
   4     1.2e-16      0.0025   1.0000000     0.00078    6    4    8  9.6e-15    3e-16
---------- 当前进度: 100 % -
Memory: 1084/1149 1367/1443
求解时间：3 s。
物理内存: 1.15 GB
虚拟内存: 1.44 GB
结束时间：2026年7月13日 16:45:57。
----- 研究 1/解 1 (sol1) 中的“稳态求解器 1” --------------------------------------------->
           当前进度:   0 % - 正在绘制
Memory: 1094/1149 1379/1443
           当前进度:   2 % - 正在计算
Memory: 1096/1149 1379/1443
           当前进度:   3 % - 正在绘制
Memory: 1098/1149 1382/1443
-          当前进度:  15 % - 正在计算
Memory: 1100/1149 1382/1443
--         当前进度:  25 % - 正在计算
--         当前进度:  26 % - 正在计算
---        当前进度:  30 % - 生成图像
Memory: 1154/1154 1414/1443
           当前进度:   0 % - 正在绘制
Memory: 1163/1202 1435/1452
           当前进度:   2 % - 正在计算
           当前进度:   3 % - 正在绘制
Memory: 1163/1202 1436/1452
-          当前进度:  15 % - 正在计算
--         当前进度:  25 % - 正在计算
--         当前进度:  26 % - 正在计算
---        当前进度:  30 % - 生成图像
Memory: 1190/1202 1446/1452
           当前进度:   0 % - 正在绘制
Memory: 1173/1213 1444/1461
           当前进度:   2 % - 正在计算
           当前进度:   3 % - 正在绘制
-          当前进度:  15 % - 正在计算
Memory: 1162/1213 1433/1461
--         当前进度:  25 % - 正在计算
--         当前进度:  26 % - 正在计算
---        当前进度:  30 % - 生成图像
Memory: 1186/1213 1441/1461
           当前进度:   0 % -
Memory: 1163/1213 1434/1461
--         当前进度:  21 % - 正在计算
---        当前进度:  34 % - 正在计算
----       当前进度:  41 % - 正在计算
           当前进度:   0 % -
类运行时: 46 s.
正在保存模型: C:\Users\15972\.comsol\v64\applications\files\user\dia60al40_electrothermal_mesh_study\fine\Dia60Al40_ElectrothermalMVP_Dia60Al40ElectrothermalMVP.mph
保存时间: 0 s.
总时间: 46 s.
