*******************************************
***COMSOL 6.4.0.293 progress output file***
*******************************************
Mon Jul 13 18:23:02 GMT+08:00 2026
COMSOL Multiphysics 6.4 (开发版本: 293) 在批处理模式下启动
正在运行: C:\Users\15972\.comsol\v64\applications\files\user\dia60al40_loading_sensitivity\Dia60Al40_ElectrothermalMVP.class
-----      当前进度:  54 % - 生成方程
Memory: 465/482 527/544
------     当前进度:  60 % - 生成方程
Memory: 475/482 536/544
---------- 当前进度: 100 % - 
Memory: 478/482 535/544
---------- 当前进度: 100 % - 正在更新选择
Memory: 489/489 539/544
           当前进度:   0 % - 矩形 1
Memory: 491/491 538/544
           当前进度:   9 % - 形成联合体
Memory: 494/494 540/544
----       当前进度:  42 % - 解析域和空区域
Memory: 495/495 540/544
---------- 当前进度: 100 % - 正在更新选择
---------- 当前进度: 100 % - 正在创建可视化网格
Memory: 498/498 542/544
           当前进度:   0 % - 自由三角形网格 1
Memory: 855/897 957/993
顶点单元数：4
边界单元数：152
单元数：3316
最小单元质量：0.6652
---------- 当前进度: 100 % - 正在提高单元质量
Memory: 866/897 963/993
           当前进度:   1 % - 生成方程
Memory: 944/947 994/996
           当前进度:   2 % - 生成方程
Memory: 953/953 998/998
           当前进度:   3 % - 生成方程
Memory: 963/969 1005/1011
<---- 研究 1/解 1 (sol1) 中的“编译方程: 稳态” ---------------------------------------------
开始于 2026年7月13日 18:23:35。
几何形函数: 二次拉格朗日单元
在 Intel64 Family 6 Model 183 Stepping 1, GenuineIntel 上运行。
在以下位置使用 1 个插槽： Owen 上（共 12 个内核）。
可用内存：16.01 GB。
           当前进度:   7 % - 编译方程: 稳态
Memory: 968/969 1007/1012
           当前进度:   7 % - 正在创建可视化网格
Memory: 951/974 990/1013
时间：3。
物理内存: 974 MB
虚拟内存: 1013 MB
结束时间：2026年7月13日 18:23:38。
----- 研究 1/解 1 (sol1) 中的“编译方程: 稳态” -------------------------------------------->
<---- 研究 1/解 1 (sol1) 中的“因变量 1” ------------------------------------------------
开始于 2026年7月13日 18:23:38。
           当前进度:   7 % - 因变量 1
Memory: 960/974 1008/1013
求解时间：0 s。
物理内存: 960 MB
虚拟内存: 1008 MB
结束时间：2026年7月13日 18:23:38。
----- 研究 1/解 1 (sol1) 中的“因变量 1” ----------------------------------------------->
<---- 研究 1/解 1 (sol1) 中的“稳态求解器 1” ----------------------------------------------
开始于 2026年7月13日 18:23:38。
非线性求解器
求解的自由度数：13570（加上 308 个内部自由度）。
找到对称矩阵。
缩放因变量：
温度 (comp1.T): 2.9e+02
电势 (comp1.V): 56
已使用正交零空间函数。
Iter      SolEst      ResEst     Damping    Stepsize #Res #Jac #Sol   LinErr   LinRes
   1        0.35     2.5e+06   0.0100000        0.35    2    1    2  1.6e-14  4.1e-15
找到非对称矩阵。
--         当前进度:  20 % - 矩阵分解
Memory: 1020/1023 1243/1254
   2        0.33     2.5e+05   0.1000000        0.37    3    2    4  1.1e-14  1.5e-15
   3     2.1e-05       2e+07   1.0000000        0.34    4    3    6  5.6e-15  1.2e-13
---------- 当前进度: 100 % - 组装稀疏模式
Memory: 1040/1047 1309/1319
   4       1e-16       0.047   1.0000000     2.1e-05    6    4    8  7.3e-15  2.9e-16
---------- 当前进度: 100 % - 
Memory: 1031/1047 1293/1319
求解时间：2 s。
物理内存: 1.05 GB
虚拟内存: 1.34 GB
结束时间：2026年7月13日 18:23:40。
----- 研究 1/解 1 (sol1) 中的“稳态求解器 1” --------------------------------------------->
           当前进度:   0 % - 正在绘制
Memory: 1040/1047 1301/1335
           当前进度:   2 % - 正在计算
Memory: 1042/1047 1302/1335
           当前进度:   3 % - 正在绘制
-          当前进度:  15 % - 正在计算
Memory: 1046/1047 1306/1335
--         当前进度:  25 % - 正在计算
--         当前进度:  26 % - 正在计算
Memory: 1043/1047 1302/1335
---        当前进度:  30 % - 生成图像
Memory: 1104/1105 1342/1343
           当前进度:   0 % - 正在绘制
Memory: 1091/1158 1341/1384
           当前进度:   2 % - 正在计算
Memory: 1092/1158 1342/1384
           当前进度:   3 % - 正在绘制
-          当前进度:  15 % - 正在计算
Memory: 1092/1158 1343/1384
--         当前进度:  25 % - 正在计算
--         当前进度:  26 % - 正在计算
---        当前进度:  30 % - 生成图像
Memory: 1128/1158 1362/1384
           当前进度:   0 % - 正在绘制
Memory: 1092/1158 1340/1384
           当前进度:   2 % - 正在计算
           当前进度:   3 % - 正在绘制
Memory: 1093/1158 1340/1384
-          当前进度:  15 % - 正在计算
Memory: 1098/1158 1357/1384
--         当前进度:  25 % - 正在计算
--         当前进度:  26 % - 正在计算
Memory: 1098/1158 1358/1384
---        当前进度:  30 % - 生成图像
Memory: 1132/1158 1377/1384
           当前进度:   0 % - 
Memory: 1114/1158 1377/1392
--         当前进度:  21 % - 正在计算
Memory: 1113/1158 1375/1392
---        当前进度:  34 % - 正在计算
----       当前进度:  41 % - 正在计算
           当前进度:   0 % - 
类运行时: 48 s.
正在保存模型: C:\Users\15972\.comsol\v64\applications\files\user\dia60al40_loading_sensitivity\Dia60Al40_ElectrothermalMVP_Dia60Al40ElectrothermalMVP.mph
保存时间: 0 s.
总时间: 49 s.
