*******************************************
***COMSOL 6.4.0.293 progress output file***
*******************************************
Mon Jul 13 18:21:57 GMT+08:00 2026
COMSOL Multiphysics 6.4 (开发版本: 293) 在批处理模式下启动
正在运行: C:\Users\15972\.comsol\v64\applications\files\user\dia60al40_loading_sensitivity\Dia60Al40_ElectrothermalMVP.class
-----      当前进度:  54 % - 生成方程
Memory: 468/473 515/520
---------- 当前进度: 100 % - 
Memory: 466/473 514/520
---------- 当前进度: 100 % - 正在更新选择
Memory: 466/473 511/520
           当前进度:   0 % - 矩形 1
Memory: 472/473 517/520
           当前进度:   9 % - 形成联合体
Memory: 474/474 518/520
----       当前进度:  42 % - 解析域和空区域
Memory: 475/475 518/520
---------- 当前进度: 100 % - 正在更新选择
---------- 当前进度: 100 % - 正在创建可视化网格
Memory: 479/479 524/524
           当前进度:   0 % - 自由三角形网格 1
Memory: 708/732 753/780
顶点单元数：4
边界单元数：152
单元数：3316
最小单元质量：0.6652
---------- 当前进度: 100 % - 正在提高单元质量
Memory: 715/732 757/780
           当前进度:   1 % - 生成方程
Memory: 866/879 910/922
           当前进度:   2 % - 生成方程
Memory: 864/879 908/922
           当前进度:   3 % - 生成方程
Memory: 854/883 895/926
<---- 研究 1/解 1 (sol1) 中的“编译方程: 稳态” ---------------------------------------------
开始于 2026年7月13日 18:22:31。
几何形函数: 二次拉格朗日单元
在 Intel64 Family 6 Model 183 Stepping 1, GenuineIntel 上运行。
在以下位置使用 1 个插槽： Owen 上（共 12 个内核）。
可用内存：16.01 GB。
           当前进度:   7 % - 编译方程: 稳态
Memory: 892/892 933/935
           当前进度:   7 % - 正在创建可视化网格
Memory: 899/899 940/940
时间：3。
物理内存: 900 MB
虚拟内存: 940 MB
结束时间：2026年7月13日 18:22:34。
----- 研究 1/解 1 (sol1) 中的“编译方程: 稳态” -------------------------------------------->
<---- 研究 1/解 1 (sol1) 中的“因变量 1” ------------------------------------------------
开始于 2026年7月13日 18:22:34。
           当前进度:   7 % - 因变量 1
Memory: 903/903 941/941
求解时间：0 s。
物理内存: 903 MB
虚拟内存: 941 MB
结束时间：2026年7月13日 18:22:34。
----- 研究 1/解 1 (sol1) 中的“因变量 1” ----------------------------------------------->
<---- 研究 1/解 1 (sol1) 中的“稳态求解器 1” ----------------------------------------------
开始于 2026年7月13日 18:22:34。
非线性求解器
求解的自由度数：13570（加上 308 个内部自由度）。
找到对称矩阵。
缩放因变量：
温度 (comp1.T): 2.9e+02
电势 (comp1.V): 18
已使用正交零空间函数。
Iter      SolEst      ResEst     Damping    Stepsize #Res #Jac #Sol   LinErr   LinRes
   1        0.34     1.7e+07   0.0100000        0.35    2    1    2  5.8e-14  5.1e-15
找到非对称矩阵。
--         当前进度:  20 % - 矩阵分解
Memory: 964/964 1181/1186
   2        0.32     3.9e+05   0.1000000        0.36    3    2    4  3.1e-14  1.6e-15
   3      0.0001     3.1e+07   1.0000000        0.33    4    3    6  4.6e-15  8.7e-14
---------- 当前进度: 100 % - 矩阵分解
Memory: 979/985 1259/1266
   4     9.3e-17       0.011   1.0000000      0.0001    6    4    8  1.2e-14    3e-16
---------- 当前进度: 100 % - 
Memory: 970/985 1243/1266
求解时间：2 s。
物理内存: 985 MB
虚拟内存: 1282 MB
结束时间：2026年7月13日 18:22:36。
----- 研究 1/解 1 (sol1) 中的“稳态求解器 1” --------------------------------------------->
           当前进度:   0 % - 正在绘制
Memory: 955/985 1229/1282
           当前进度:   2 % - 正在计算
Memory: 956/985 1229/1282
           当前进度:   3 % - 正在绘制
Memory: 957/985 1230/1282
-          当前进度:  15 % - 正在计算
--         当前进度:  25 % - 正在计算
--         当前进度:  26 % - 正在计算
Memory: 958/985 1230/1282
---        当前进度:  30 % - 生成图像
Memory: 1031/1032 1279/1282
           当前进度:   0 % - 正在绘制
Memory: 1045/1095 1306/1333
           当前进度:   2 % - 正在计算
           当前进度:   3 % - 正在绘制
-          当前进度:  15 % - 正在计算
--         当前进度:  25 % - 正在计算
--         当前进度:  26 % - 正在计算
Memory: 1047/1095 1308/1333
---        当前进度:  30 % - 生成图像
Memory: 1075/1095 1320/1333
           当前进度:   0 % - 正在绘制
Memory: 993/1095 1260/1333
           当前进度:   2 % - 正在计算
Memory: 994/1095 1261/1333
           当前进度:   3 % - 正在绘制
-          当前进度:  15 % - 正在计算
Memory: 1001/1095 1263/1333
--         当前进度:  25 % - 正在计算
Memory: 1001/1095 1264/1333
--         当前进度:  26 % - 正在计算
---        当前进度:  30 % - 生成图像
Memory: 1050/1095 1296/1333
           当前进度:   0 % - 
Memory: 1036/1095 1295/1333
--         当前进度:  21 % - 正在计算
Memory: 1034/1095 1294/1333
---        当前进度:  34 % - 正在计算
----       当前进度:  41 % - 正在计算
           当前进度:   0 % - 
类运行时: 48 s.
正在保存模型: C:\Users\15972\.comsol\v64\applications\files\user\dia60al40_loading_sensitivity\Dia60Al40_ElectrothermalMVP_Dia60Al40ElectrothermalMVP.mph
保存时间: 0 s.
总时间: 48 s.
