LIGGGHTS (Version LIGGGHTS-PUBLIC 3.8.0, compiled 2026-07-13-11:31:38 by runner, git commit 3d5c00f20519e6bb6eb6756f51f1ad36564e649d)
Created orthogonal box = (-0.002 -0.004 -0.0045) to (0.042 0.024 0.0045)
  1 by 1 by 1 MPI processor grid

Reading STL file 'meshes/DieLeft.stl' (mesh processing step 1/3) 

Reading STL file 'meshes/DieRight.stl' (mesh processing step 1/3) 

Reading STL file 'meshes/DieBottom.stl' (mesh processing step 1/3) 

Reading STL file 'meshes/DieFrontBack.stl' (mesh processing step 1/3) 

Reading STL file 'meshes/TopPlate.stl' (mesh processing step 1/3) 
Fix particledistribution/discrete (id pddAl): distribution based on number%:
    ptsAl: d=2.600000e-03 (max. bounding sphere) number%=100.000000%
Fix particledistribution/discrete (id pddDS): distribution based on number%:
    ptsDS: d=3.600000e-03 (max. bounding sphere) number%=100.000000%
Fix particledistribution/discrete (id pddDL): distribution based on number%:
    ptsDL: d=6.000000e-03 (max. bounding sphere) number%=100.000000%
Setting up run at Mon Jul 13 11:33:15 2026

Import and parallelization of mesh left containing 2 triangle(s) successful
Import and parallelization of mesh right containing 2 triangle(s) successful
Import and parallelization of mesh bottom containing 2 triangle(s) successful
Import and parallelization of mesh frontback containing 4 triangle(s) successful
Import and parallelization of mesh top containing 12 triangle(s) successful
INFO: Resetting random generator for region insertDL
INFO: Particle insertion insDL: inserting every 0 steps
Memory usage per processor = 16.6272 Mbytes
    Step    Atoms         KinEng            CPU 
       0        0              0              0 
INFO: Particle insertion insDL: inserted 8 particle templates (mass 3.184821e-06) at step 1
 - a total of 8 particle templates (mass 3.184821e-06) inserted so far.
       1        8   1.529351e-16  0.00044298172 
Loop time of 0.000444174 on 1 procs for 1 steps with 8 atoms, finish time Mon Jul 13 11:33:15 2026


Pair  time (%) = 9.53674e-07 (0.214707)
Neigh time (%) = 6.19888e-05 (13.956)
Comm  time (%) = 0 (0)
Outpt time (%) = 1.90735e-06 (0.429415)
Other time (%) = 0.000379324 (85.3999)

Nlocal:    8 ave 8 max 8 min
Histogram: 1 0 0 0 0 0 0 0 0 0
Nghost:    0 ave 0 max 0 min
Histogram: 1 0 0 0 0 0 0 0 0 0
Neighs:    1 ave 1 max 1 min
Histogram: 1 0 0 0 0 0 0 0 0 0

Total # of neighbors = 1
Ave neighs/atom = 0.125
Neighbor list builds = 1
Dangerous builds = 0
Setting up run at Mon Jul 13 11:33:15 2026

INFO: Resetting random generator for region insertDS
INFO: Particle insertion insDS: inserting every 0 steps
Memory usage per processor = 20.9417 Mbytes
    Step    Atoms         KinEng            CPU 
       1        8   1.529351e-16              0 
INFO: Particle insertion insDS: inserted 8 particle templates (mass 6.879213e-07) at step 2
 - a total of 8 particle templates (mass 6.879213e-07) inserted so far.
       2       16  1.4094499e-15  4.9829483e-05 
Loop time of 5.10216e-05 on 1 procs for 1 steps with 16 atoms, finish time Mon Jul 13 11:33:15 2026


Pair  time (%) = 9.53674e-07 (1.86916)
Neigh time (%) = 3.8147e-06 (7.47664)
Comm  time (%) = 0 (0)
Outpt time (%) = 9.53674e-07 (1.86916)
Other time (%) = 4.52995e-05 (88.785)

Nlocal:    16 ave 16 max 16 min
Histogram: 1 0 0 0 0 0 0 0 0 0
Nghost:    0 ave 0 max 0 min
Histogram: 1 0 0 0 0 0 0 0 0 0
Neighs:    2 ave 2 max 2 min
Histogram: 1 0 0 0 0 0 0 0 0 0

Total # of neighbors = 2
Ave neighs/atom = 0.125
Neighbor list builds = 1
Dangerous builds = 0
Setting up run at Mon Jul 13 11:33:15 2026

INFO: Resetting random generator for region insertAl
INFO: Particle insertion insAl: inserting every 0 steps
Memory usage per processor = 20.9417 Mbytes
    Step    Atoms         KinEng            CPU 
       2       16  1.4094499e-15              0 
insertion: proc 0 at 0 %
insertion: proc 0 at 10 %
insertion: proc 0 at 20 %
insertion: proc 0 at 30 %
insertion: proc 0 at 40 %
insertion: proc 0 at 50 %
insertion: proc 0 at 60 %
insertion: proc 0 at 70 %
insertion: proc 0 at 80 %
insertion: proc 0 at 90 %
INFO: Particle insertion insAl: inserted 80 particle templates (mass 1.987799e-06) at step 3
 - a total of 80 particle templates (mass 1.987799e-06) inserted so far.
       3       96  4.2161375e-15    0.000207901 
Loop time of 0.000209093 on 1 procs for 1 steps with 96 atoms, finish time Mon Jul 13 11:33:15 2026


Pair  time (%) = 1.19209e-06 (0.570125)
Neigh time (%) = 3.69549e-05 (17.6739)
Comm  time (%) = 0 (0)
Outpt time (%) = 2.14577e-06 (1.02623)
Other time (%) = 0.0001688 (80.7298)

Nlocal:    96 ave 96 max 96 min
Histogram: 1 0 0 0 0 0 0 0 0 0
Nghost:    0 ave 0 max 0 min
Histogram: 1 0 0 0 0 0 0 0 0 0
Neighs:    17 ave 17 max 17 min
Histogram: 1 0 0 0 0 0 0 0 0 0

Total # of neighbors = 17
Ave neighs/atom = 0.177083
Neighbor list builds = 1
Dangerous builds = 0
Setting up run at Mon Jul 13 11:33:15 2026

Memory usage per processor = 20.9424 Mbytes
    Step    Atoms         KinEng         top[2]       bottom[2       topPress       bottomPr 
       3       96  4.2161375e-15              0              0              0              0 
   25000       96  7.0348503e-07              0              0              0              0 
   50000       96   2.814086e-06              0              0              0              0 
   75000       96  6.3318028e-06              0              0              0              0 
  100000       96  1.1256636e-05              0              0              0              0 
  100003       96  1.1257311e-05              0              0              0              0 
Loop time of 1.09193 on 1 procs for 100000 steps with 96 atoms, finish time Mon Jul 13 11:33:16 2026


Pair  time (%) = 0.0738227 (6.76075)
Neigh time (%) = 0 (0)
Comm  time (%) = 0.00299478 (0.274264)
Outpt time (%) = 0.000155926 (0.0142798)
Other time (%) = 1.01496 (92.9507)

Nlocal:    96 ave 96 max 96 min
Histogram: 1 0 0 0 0 0 0 0 0 0
Nghost:    0 ave 0 max 0 min
Histogram: 1 0 0 0 0 0 0 0 0 0
Neighs:    17 ave 17 max 17 min
Histogram: 1 0 0 0 0 0 0 0 0 0

Total # of neighbors = 17
Ave neighs/atom = 0.177083
Neighbor list builds = 0
Dangerous builds = 0
Setting up run at Mon Jul 13 11:33:16 2026

Memory usage per processor = 20.9424 Mbytes
    Step    Atoms         KinEng         top[2]       bottom[2       topPress       bottomPr 
  100003       96  1.1257311e-05              0              0              0              0 
  125000       96  1.7588584e-05              0              0              0              0 
  150000       96  6.5704791e-05              0              0              0              0 
  175000       96  0.00067716527              0              0              0              0 
  200000       96   0.0007532252              0              0              0              0 
  225000       96   0.0010125713      14.970478              0   0.0041584662              0 
  250000       96   0.0020330519              0              0              0              0 
  275000       96   0.0022002917              0              0              0              0 
  300000       96   0.0022459733              0              0              0              0 
  325000       96   0.0019836183     -1.4889682              0  0.00041360228              0 
  350000       96   0.0020322161              0              0              0              0 
  375000       96   0.0020586865              0              0              0              0 
  400000       96   0.0020168572     0.67935568  -0.0024405617  0.00018870991  6.7793381e-07 
  425000       96   0.0028643487              0  -0.0024350537              0  6.7640379e-07 
  450000       96   0.0028727203     0.34533228     -15.473958  9.5925633e-05   0.0042983217 
  475000       96   0.0029560699              0  -0.0024350535              0  6.7640375e-07 
  500000       96    0.003123406              0   -0.010862089              0   3.017247e-06 
  525000       96   0.0032389703      27.616023    -0.01086209   0.0076711174  3.0172472e-06 
  550000       96   0.0033612994              0   -0.034213323              0  9.5037007e-06 
  575000       96   0.0041606264              0   -0.019289126              0  5.3580906e-06 
  600000       96   0.0044080737              0   -0.019289126              0  5.3580906e-06 
  625000       96   0.0044568346     0.23895601   -0.019289126   6.637667e-05  5.3580906e-06 
  650000       96    0.004571738   -0.021375802   -0.019289126  5.9377229e-06  5.3580906e-06 
  675000       96   0.0051608851   -0.032875613   -0.019289126  9.1321147e-06  5.3580906e-06 
  700000       96   0.0053662824              0   -0.019289126              0  5.3580906e-06 
  725000       96   0.0054642754              0   -0.019289126              0  5.3580906e-06 
  750000       96   0.0054758657              0   -0.019289126              0  5.3580906e-06 
  775000       96   0.0053071396              0   -0.019289126              0  5.3580906e-06 
  800000       96   0.0049726199              0   -0.019289126              0  5.3580906e-06 
  825000       96   0.0043926544     0.33716755    0.011744206  9.3657652e-05  3.2622794e-06 
  850000       96   0.0039434669              0     -14.151717              0   0.0039310324 
  875000       96   0.0058341968              0     -1.1273908              0  0.00031316411 
  900000       96   0.0048451068      17.362906    -0.21926406   0.0048230295  6.0906684e-05 
  925000       96   0.0046079599      0.6910573   -0.051672054  0.00019196036  1.4353348e-05 
  950000       96   0.0044931266      13.960545   -0.022634922   0.0038779292  6.2874783e-06 
  975000       96   0.0065490406      27.059255     -23.425581   0.0075164598   0.0065071059 
 1000000       96   0.0047766173     0.74339548     -37.492202  0.00020649874    0.010414501 
 1025000       96    0.014549886    -0.34607045     -2.2693404   9.613068e-05  0.00063037233 
 1050000       96    0.012018705      34.041629   -0.090992447   0.0094560079   2.527568e-05 
 1075000       96    0.012708734        22.0661     -43.122785   0.0061294723    0.011978551 
 1100000       96    0.010869821      27.773254     -24.261327   0.0077147927   0.0067392575 
 1125000       96    0.011681521      41.392723     -33.852843    0.011497978   0.0094035676 
 1150000       96    0.022803444      354.67917      -230.5609    0.098521992    0.064044694 
 1175000       96    0.022806993      401.17697     -245.73991     0.11143805    0.068261086 
 1200000       96    0.024944916      1831.6343     -1704.4954      0.5087873     0.47347094 
 1225000       96    0.058543635      9983.5652       -9555.85      2.7732126      2.6544028 
 1250000       96    0.011453651      34567.489     -33749.861      9.6020803      9.3749614 
 1250003       96    0.011453034      34573.864     -33755.959      9.6038511      9.3766551 
Loop time of 16.9135 on 1 procs for 1150000 steps with 96 atoms, finish time Mon Jul 13 11:33:33 2026


Pair  time (%) = 1.93945 (11.4669)
Neigh time (%) = 0.0113869 (0.0673242)
Comm  time (%) = 0.0378711 (0.223911)
Outpt time (%) = 0.00275898 (0.0163123)
Other time (%) = 14.922 (88.2256)

Nlocal:    96 ave 96 max 96 min
Histogram: 1 0 0 0 0 0 0 0 0 0
Nghost:    0 ave 0 max 0 min
Histogram: 1 0 0 0 0 0 0 0 0 0
Neighs:    159 ave 159 max 159 min
Histogram: 1 0 0 0 0 0 0 0 0 0

Total # of neighbors = 159
Ave neighs/atom = 1.65625
Neighbor list builds = 441
Dangerous builds = 0
Setting up run at Mon Jul 13 11:33:33 2026

Memory usage per processor = 22.102 Mbytes
    Step    Atoms         KinEng         top[2]       bottom[2       topPress       bottomPr 
 1250003       96    0.011453034      65073.642     -67511.908      18.076012      18.753308 
 1275000       96   0.0023180985      32588.406     -32661.075      9.0523349      9.0725208 
 1300000       96   0.0012586569      32589.093      -32662.56       9.052526      9.0729333 
 1325000       96  0.00099664424        32588.8     -32661.446      9.0524443      9.0726239 
 1350000       96  0.00077654413      32588.776     -32661.942      9.0524379      9.0727617 
 1375000       96  0.00072836662      32588.942     -32661.453      9.0524839      9.0726258 
 1400000       96  0.00049785764      32588.943     -32661.455      9.0524842      9.0726265 
 1400003       96  0.00049786462      32588.943     -32661.456      9.0524842      9.0726265 
Loop time of 3.8566 on 1 procs for 150000 steps with 96 atoms, finish time Mon Jul 13 11:33:37 2026


Pair  time (%) = 1.01547 (26.3306)
Neigh time (%) = 0.00206232 (0.0534751)
Comm  time (%) = 0.00488877 (0.126764)
Outpt time (%) = 0.00022769 (0.0059039)
Other time (%) = 2.83395 (73.4832)

Nlocal:    96 ave 96 max 96 min
Histogram: 1 0 0 0 0 0 0 0 0 0
Nghost:    0 ave 0 max 0 min
Histogram: 1 0 0 0 0 0 0 0 0 0
Neighs:    173 ave 173 max 173 min
Histogram: 1 0 0 0 0 0 0 0 0 0

Total # of neighbors = 173
Ave neighs/atom = 1.80208
Neighbor list builds = 74
Dangerous builds = 0
Setting up run at Mon Jul 13 11:33:37 2026

Memory usage per processor = 25.2644 Mbytes
    Step    Atoms         KinEng         top[2]       bottom[2       topPress       bottomPr 
 1400003       96  0.00049786462      65177.886     -65322.911      18.104968      18.145253 
Loop time of 0 on 1 procs for 0 steps with 96 atoms, finish time Mon Jul 13 11:33:37 2026


Pair  time (%) = 0 (0)
Neigh time (%) = 0 (0)
Comm  time (%) = 0 (0)
Outpt time (%) = 0 (0)
Other time (%) = 0 (0)

Nlocal:    96 ave 96 max 96 min
Histogram: 1 0 0 0 0 0 0 0 0 0
Nghost:    0 ave 0 max 0 min
Histogram: 1 0 0 0 0 0 0 0 0 0
Neighs:    172 ave 172 max 172 min
Histogram: 1 0 0 0 0 0 0 0 0 0

Total # of neighbors = 172
Ave neighs/atom = 1.79167
Neighbor list builds = 0
Dangerous builds = 0
System init for write_restart ...
