*******************************************
***COMSOL 6.4.0.293 progress output file***
*******************************************
Mon Jul 13 16:43:16 GMT+08:00 2026
COMSOL Multiphysics 6.4 (开发版本: 293) 在批处理模式下启动
正在运行: C:\Users\15972\.comsol\v64\applications\files\user\dia60al40_electrothermal_mesh_study\coarse\Dia60Al40_ElectrothermalMVP.class
-----      当前进度:  54 % - 生成方程
Memory: 468/468 514/514
---------- 当前进度: 100 % -
Memory: 473/473 518/518
---------- 当前进度: 100 % - 正在更新选择
Memory: 473/476 517/521
           当前进度:   0 % - 矩形 1
Memory: 447/476 496/521
           当前进度:   9 % - 形成联合体
Memory: 448/476 496/521
----       当前进度:  42 % - 解析域和空区域
Memory: 449/476 496/521
---------- 当前进度: 100 % - 正在更新选择
---------- 当前进度: 100 % - 正在创建可视化网格
Memory: 453/476 502/521
           当前进度:   0 % - 自由三角形网格 1
Memory: 752/756 871/877
顶点单元数：4
边界单元数：104
单元数：1512
最小单元质量：0.7193
---------- 当前进度: 100 % - 正在提高单元质量
Memory: 757/757 873/877
           当前进度:   1 % - 生成方程
Memory: 833/839 876/883
           当前进度:   2 % - 生成方程
Memory: 841/844 885/887
           当前进度:   3 % - 生成方程
Memory: 851/851 896/896
<---- 研究 1/解 1 (sol1) 中的“编译方程: 稳态” ---------------------------------------------
开始于 2026年7月13日 16:43:49。
几何形函数: 二次拉格朗日单元
在 Intel64 Family 6 Model 183 Stepping 1, GenuineIntel 上运行。
在以下位置使用 1 个插槽： Owen 上（共 12 个内核）。
可用内存：16.01 GB。
           当前进度:   7 % - 编译方程: 稳态
Memory: 901/901 1022/1023
           当前进度:   7 % - 正在创建可视化网格
Memory: 982/988 1026/1033
时间：3。
物理内存: 988 MB
虚拟内存: 1033 MB
结束时间：2026年7月13日 16:43:53。
----- 研究 1/解 1 (sol1) 中的“编译方程: 稳态” -------------------------------------------->
<---- 研究 1/解 1 (sol1) 中的“因变量 1” ------------------------------------------------
开始于 2026年7月13日 16:43:53。
           当前进度:   7 % - 因变量 1
Memory: 986/988 1028/1033
求解时间：0 s。
物理内存: 986 MB
虚拟内存: 1028 MB
结束时间：2026年7月13日 16:43:53。
----- 研究 1/解 1 (sol1) 中的“因变量 1” ----------------------------------------------->
<---- 研究 1/解 1 (sol1) 中的“稳态求解器 1” ----------------------------------------------
开始于 2026年7月13日 16:43:53。
非线性求解器
求解的自由度数：6258（加上 212 个内部自由度）。
找到对称矩阵。
缩放因变量：
温度 (comp1.T): 2.9e+02
电势 (comp1.V): 11
已使用正交零空间函数。
Iter      SolEst      ResEst     Damping    Stepsize #Res #Jac #Sol   LinErr   LinRes
   1        0.31     2.7e+08   0.0100000        0.32    2    1    2  9.8e-15  3.2e-15
--         当前进度:  20 % -
Memory: 980/988 1145/1145
找到非对称矩阵。
   2         0.3     2.5e+05   0.1000000        0.33    3    2    4  5.1e-15  1.3e-15
   3     0.00077       2e+07   1.0000000         0.3    4    3    6  2.3e-15  3.4e-14
   4     8.8e-17     0.00043   1.0000000     0.00077    6    4    8  3.2e-15  2.9e-16
---------- 当前进度: 100 % -
Memory: 1011/1016 1314/1326
求解时间：2 s。
物理内存: 1.02 GB
虚拟内存: 1.36 GB
结束时间：2026年7月13日 16:43:54。
----- 研究 1/解 1 (sol1) 中的“稳态求解器 1” --------------------------------------------->
           当前进度:   0 % - 正在绘制
Memory: 1027/1027 1326/1357
           当前进度:   1 % - 正在计算
           当前进度:   3 % - 正在绘制
Memory: 1028/1028 1326/1357
           当前进度:   6 % - 正在计算
--         当前进度:  25 % - 正在计算
--         当前进度:  26 % - 正在计算
---        当前进度:  30 % - 生成图像
Memory: 1082/1103 1352/1376
           当前进度:   0 % - 正在绘制
Memory: 1072/1141 1354/1401
           当前进度:   1 % - 正在计算
Memory: 1073/1141 1354/1401
           当前进度:   3 % - 正在绘制
Memory: 1073/1141 1355/1401
           当前进度:   6 % - 正在计算
Memory: 1074/1141 1356/1401
--         当前进度:  25 % - 正在计算
--         当前进度:  26 % - 正在计算
---        当前进度:  30 % - 生成图像
Memory: 1113/1141 1381/1401
           当前进度:   0 % - 正在绘制
Memory: 1103/1143 1387/1404
           当前进度:   1 % - 正在计算
           当前进度:   3 % - 正在绘制
           当前进度:   6 % - 正在计算
Memory: 1104/1143 1387/1404
--         当前进度:  25 % - 正在计算
--         当前进度:  26 % - 正在计算
---        当前进度:  30 % - 生成图像
Memory: 1130/1143 1397/1404
           当前进度:   0 % -
Memory: 1113/1156 1395/1415
           当前进度:   8 % - 正在计算
Memory: 1113/1156 1396/1415
---        当前进度:  34 % - 正在计算
----       当前进度:  41 % - 正在计算
           当前进度:   0 % -
类运行时: 48 s.
正在保存模型: C:\Users\15972\.comsol\v64\applications\files\user\dia60al40_electrothermal_mesh_study\coarse\Dia60Al40_ElectrothermalMVP_Dia60Al40ElectrothermalMVP.mph
保存时间: 0 s.
总时间: 49 s.
