*******************************************
***COMSOL 6.4.0.293 progress output file***
*******************************************
Mon Jul 13 18:19:47 GMT+08:00 2026
COMSOL Multiphysics 6.4 (开发版本: 293) 在批处理模式下启动
正在运行: C:\Users\15972\.comsol\v64\applications\files\user\dia60al40_loading_sensitivity\Dia60Al40_ElectrothermalMVP.class
-----      当前进度:  54 % - 生成方程
Memory: 475/475 529/530
---------- 当前进度: 100 % - 
Memory: 464/475 513/530
---------- 当前进度: 100 % - 正在更新选择
Memory: 454/475 508/530
           当前进度:   0 % - 矩形 1
Memory: 458/475 503/530
           当前进度:   9 % - 形成联合体
Memory: 459/475 504/530
----       当前进度:  42 % - 解析域和空区域
Memory: 460/475 504/530
---------- 当前进度: 100 % - 正在更新选择
---------- 当前进度: 100 % - 正在创建可视化网格
Memory: 467/475 509/530
           当前进度:   0 % - 自由三角形网格 1
Memory: 767/782 813/827
顶点单元数：4
边界单元数：152
单元数：3316
最小单元质量：0.6652
---------- 当前进度: 100 % - 正在提高单元质量
Memory: 773/782 818/827
           当前进度:   1 % - 生成方程
Memory: 811/812 854/854
           当前进度:   2 % - 生成方程
Memory: 834/835 921/924
           当前进度:   3 % - 生成方程
Memory: 850/883 898/925
<---- 研究 1/解 1 (sol1) 中的“编译方程: 稳态” ---------------------------------------------
开始于 2026年7月13日 18:20:20。
几何形函数: 二次拉格朗日单元
在 Intel64 Family 6 Model 183 Stepping 1, GenuineIntel 上运行。
在以下位置使用 1 个插槽： Owen 上（共 12 个内核）。
可用内存：16.01 GB。
           当前进度:   7 % - 编译方程: 稳态
Memory: 890/898 932/941
           当前进度:   7 % - 正在创建可视化网格
Memory: 897/902 938/943
时间：3。
物理内存: 902 MB
虚拟内存: 943 MB
结束时间：2026年7月13日 18:20:23。
----- 研究 1/解 1 (sol1) 中的“编译方程: 稳态” -------------------------------------------->
<---- 研究 1/解 1 (sol1) 中的“因变量 1” ------------------------------------------------
开始于 2026年7月13日 18:20:23。
           当前进度:   7 % - 因变量 1
Memory: 872/902 916/943
求解时间：0 s。
物理内存: 875 MB
虚拟内存: 918 MB
结束时间：2026年7月13日 18:20:23。
----- 研究 1/解 1 (sol1) 中的“因变量 1” ----------------------------------------------->
<---- 研究 1/解 1 (sol1) 中的“稳态求解器 1” ----------------------------------------------
开始于 2026年7月13日 18:20:23。
非线性求解器
求解的自由度数：13570（加上 308 个内部自由度）。
找到对称矩阵。
缩放因变量：
温度 (comp1.T): 2.9e+02
电势 (comp1.V): 56
已使用正交零空间函数。
Iter      SolEst      ResEst     Damping    Stepsize #Res #Jac #Sol   LinErr   LinRes
   1         1.4     4.4e+07   0.0100000         1.5    2    1    2    3e-14  4.1e-15
--         当前进度:  20 % - 组装矩阵
Memory: 935/935 1166/1166
找到非对称矩阵。
   2         1.4     2.5e+05   0.1000000         1.5    3    2    4  7.2e-15  1.5e-15
--         当前进度:  29 % - 矩阵分解
Memory: 942/955 1209/1224
   3     0.00036       2e+07   1.0000000        0.51    4    3    6  8.2e-15  1.1e-13
   4     1.8e-16      0.0027   1.0000000     0.00036    6    4    8  4.6e-15  3.2e-16
---------- 当前进度: 100 % - 
Memory: 940/955 1201/1224
求解时间：2 s。
物理内存: 955 MB
虚拟内存: 1246 MB
结束时间：2026年7月13日 18:20:25。
----- 研究 1/解 1 (sol1) 中的“稳态求解器 1” --------------------------------------------->
           当前进度:   0 % - 正在绘制
Memory: 943/960 1205/1246
           当前进度:   2 % - 正在计算
Memory: 946/960 1208/1246
           当前进度:   3 % - 正在绘制
Memory: 948/960 1210/1246
-          当前进度:  15 % - 正在计算
Memory: 953/960 1216/1246
--         当前进度:  25 % - 正在计算
Memory: 954/960 1216/1246
--         当前进度:  26 % - 正在计算
Memory: 954/960 1217/1246
---        当前进度:  30 % - 生成图像
Memory: 1029/1029 1266/1266
           当前进度:   0 % - 正在绘制
Memory: 1045/1109 1293/1336
           当前进度:   2 % - 正在计算
Memory: 1044/1109 1291/1336
           当前进度:   3 % - 正在绘制
Memory: 1044/1109 1292/1336
-          当前进度:  15 % - 正在计算
Memory: 1045/1109 1292/1336
--         当前进度:  25 % - 正在计算
--         当前进度:  26 % - 正在计算
Memory: 1045/1109 1293/1336
---        当前进度:  30 % - 生成图像
Memory: 1078/1109 1312/1336
           当前进度:   0 % - 正在绘制
Memory: 1039/1109 1288/1336
           当前进度:   2 % - 正在计算
           当前进度:   3 % - 正在绘制
Memory: 1040/1109 1288/1336
-          当前进度:  15 % - 正在计算
Memory: 1044/1109 1304/1336
--         当前进度:  25 % - 正在计算
--         当前进度:  26 % - 正在计算
---        当前进度:  30 % - 生成图像
Memory: 1077/1109 1322/1336
           当前进度:   0 % - 
Memory: 1061/1109 1323/1339
--         当前进度:  21 % - 正在计算
Memory: 1060/1109 1321/1339
---        当前进度:  34 % - 正在计算
----       当前进度:  41 % - 正在计算
           当前进度:   0 % - 
类运行时: 47 s.
正在保存模型: C:\Users\15972\.comsol\v64\applications\files\user\dia60al40_loading_sensitivity\Dia60Al40_ElectrothermalMVP_Dia60Al40ElectrothermalMVP.mph
保存时间: 0 s.
总时间: 48 s.
